// Jest Snapshot v1, https://goo.gl/fbAQLP

exports[`header snapshot tests basic snapshot test 1`] = `<div />`;
